--> regression-out0.arff
moa.classifiers.trees.FIMTDD -s VarianceReductionSplitCriterion

Index
  100
Votes
  0: 48601.84000685
Measurements
  classified instances: 99
  mean absolute error: 74438.2354766
  root mean squared error: 108722.2071869
  relative mean absolute error: 2.1398373
  relative root mean squared error: 1.67247399
Model measurements
  model training instances: 99
  tree size (nodes): 1
  tree size (leaves): 1

Index
  200
Votes
  0: 63786.46883476
Measurements
  classified instances: 199
  mean absolute error: 58328.39388984
  root mean squared error: 85036.56390994
  relative mean absolute error: 1.82777758
  relative root mean squared error: 1.63565723
Model measurements
  model training instances: 199
  tree size (nodes): 1
  tree size (leaves): 1

Index
  300
Votes
  0: 36975.18267524
Measurements
  classified instances: 299
  mean absolute error: 53831.8763548
  root mean squared error: 78442.05706729
  relative mean absolute error: 1.7513311
  relative root mean squared error: 1.55922924
Model measurements
  model training instances: 299
  tree size (nodes): 3
  tree size (leaves): 2

Index
  400
Votes
  0: 97431.95762539
Measurements
  classified instances: 399
  mean absolute error: 52642.57072614
  root mean squared error: 79330.54017018
  relative mean absolute error: 1.61947788
  relative root mean squared error: 1.47950093
Model measurements
  model training instances: 399
  tree size (nodes): 3
  tree size (leaves): 2

Index
  500
Votes
  0: 49287.12042361
Measurements
  classified instances: 499
  mean absolute error: 49053.28608375
  root mean squared error: 74161.92290612
  relative mean absolute error: 1.53949624
  relative root mean squared error: 1.44474971
Model measurements
  model training instances: 499
  tree size (nodes): 3
  tree size (leaves): 2

Index
  600
Votes
  0: 81197.02897938
Measurements
  classified instances: 599
  mean absolute error: 47596.63305278
  root mean squared error: 74827.04108463
  relative mean absolute error: 1.4992961
  relative root mean squared error: 1.42719362
Model measurements
  model training instances: 599
  tree size (nodes): 3
  tree size (leaves): 2

Index
  700
Votes
  0: 12022.42680002
Measurements
  classified instances: 699
  mean absolute error: 44716.72572815
  root mean squared error: 71097.73383606
  relative mean absolute error: 1.42187951
  relative root mean squared error: 1.39951944
Model measurements
  model training instances: 699
  tree size (nodes): 3
  tree size (leaves): 2

Index
  800
Votes
  0: 27960.70870294
Measurements
  classified instances: 799
  mean absolute error: 43240.61210639
  root mean squared error: 68721.41007941
  relative mean absolute error: 1.37203341
  relative root mean squared error: 1.36552
Model measurements
  model training instances: 799
  tree size (nodes): 3
  tree size (leaves): 2

Index
  900
Votes
  0: 30980.4429425
Measurements
  classified instances: 899
  mean absolute error: 41110.98029169
  root mean squared error: 65702.93787858
  relative mean absolute error: 1.32709234
  relative root mean squared error: 1.34606057
Model measurements
  model training instances: 899
  tree size (nodes): 3
  tree size (leaves): 2

Index
  1000
Votes
  0: 24878.66373201
Measurements
  classified instances: 999
  mean absolute error: 39678.56693838
  root mean squared error: 63743.30575701
  relative mean absolute error: 1.27745209
  relative root mean squared error: 1.31289967
Model measurements
  model training instances: 999
  tree size (nodes): 3
  tree size (leaves): 2



