--> regression-out0.arff
moa.classifiers.trees.ORTO

Index
  100
Votes
  0: -9.223372036854776E15
Measurements
  classified instances: 99
  mean absolute error: 7.898179923297061E15
  root mean squared error: 8.49350368513852E15
  relative mean absolute error: 2.2704487715146057E11
  relative root mean squared error: 1.3065558885293338E11
Model measurements
  model training instances: 99
  number of subtrees: 1
  tree size (nodes): 1
  tree size (leaves): 1
  number of option nodes: 0

Index
  200
Votes
  0: -9.223372036854776E15
Measurements
  classified instances: 199
  mean absolute error: 8.564105608521343E15
  root mean squared error: 8.867783725767772E15
  relative mean absolute error: 2.6836467055377908E11
  relative root mean squared error: 1.7056962163982227E11
Model measurements
  model training instances: 199
  number of subtrees: 1
  tree size (nodes): 1
  tree size (leaves): 1
  number of option nodes: 0

Index
  300
Votes
  0: 9.223372036854776E15
Measurements
  classified instances: 299
  mean absolute error: 8.784596052794276E15
  root mean squared error: 8.988275385318326E15
  relative mean absolute error: 2.8579230896226807E11
  relative root mean squared error: 1.786641287674974E11
Model measurements
  model training instances: 299
  number of subtrees: 1
  tree size (nodes): 1
  tree size (leaves): 1
  number of option nodes: 0

Index
  400
Votes
  0: -9.223372036854776E15
Measurements
  classified instances: 399
  mean absolute error: 8.894564971102513E15
  root mean squared error: 9.047770519674178E15
  relative mean absolute error: 2.7362932728140033E11
  relative root mean squared error: 1.6873936366618976E11
Model measurements
  model training instances: 399
  number of subtrees: 1
  tree size (nodes): 1
  tree size (leaves): 1
  number of option nodes: 0

Index
  500
Votes
  0: -9.223372036854776E15
Measurements
  classified instances: 499
  mean absolute error: 8.935280713438583E15
  root mean squared error: 9.067246310121752E15
  relative mean absolute error: 2.804262915315912E11
  relative root mean squared error: 1.7663918312128058E11
Model measurements
  model training instances: 499
  number of subtrees: 1
  tree size (nodes): 1
  tree size (leaves): 1
  number of option nodes: 0

Index
  600
Votes
  0: -9.223372036854776E15
Measurements
  classified instances: 599
  mean absolute error: 8.965166628813378E15
  root mean squared error: 9.08047953673051E15
  relative mean absolute error: 2.824031555767294E11
  relative root mean squared error: 1.7319410582666336E11
Model measurements
  model training instances: 599
  number of subtrees: 1
  tree size (nodes): 1
  tree size (leaves): 1
  number of option nodes: 0

Index
  700
Votes
  0: -9.223372036854776E15
Measurements
  classified instances: 699
  mean absolute error: 8.994338247300084E15
  root mean squared error: 9.095502787942486E15
  relative mean absolute error: 2.859973534985956E11
  relative root mean squared error: 1.7903992494086337E11
Model measurements
  model training instances: 699
  number of subtrees: 1
  tree size (nodes): 1
  tree size (leaves): 1
  number of option nodes: 0

Index
  800
Votes
  0: -9.223372036854776E15
Measurements
  classified instances: 799
  mean absolute error: 9.02300330231843E15
  root mean squared error: 9.111604689761466E15
  relative mean absolute error: 2.863017291235234E11
  relative root mean squared error: 1.810509763553989E11
Model measurements
  model training instances: 799
  number of subtrees: 1
  tree size (nodes): 1
  tree size (leaves): 1
  number of option nodes: 0

Index
  900
Votes
  0: 9.223372036854776E15
Measurements
  classified instances: 899
  mean absolute error: 9.038348978667892E15
  root mean squared error: 9.119460126361878E15
  relative mean absolute error: 2.917644786959977E11
  relative root mean squared error: 1.8683100154677167E11
Model measurements
  model training instances: 899
  number of subtrees: 1
  tree size (nodes): 1
  tree size (leaves): 1
  number of option nodes: 0

Index
  1000
Votes
  0: 9.223372036854776E15
Measurements
  classified instances: 999
  mean absolute error: 9.054353447727198E15
  root mean squared error: 9.12771903508344E15
  relative mean absolute error: 2.9150505199124115E11
  relative root mean squared error: 1.880005927185084E11
Model measurements
  model training instances: 999
  number of subtrees: 1
  tree size (nodes): 1
  tree size (leaves): 1
  number of option nodes: 0



