--> regression-out0.arff
moa.classifiers.rules.AMRulesRegressor

Index
  100
Votes
  0: 55948.38383838
Measurements
  classified instances: 99
  mean absolute error: 34628.12606101
  root mean squared error: 65078.43264825
  relative mean absolute error: 0.99543676
  relative root mean squared error: 1.0011017
Model measurements
  model training instances: 99
  anomaly detections: 0
  change detections: 0
  rules (number): 1

Index
  200
Votes
  0: 47263.67336683
Measurements
  classified instances: 199
  mean absolute error: 31761.42175101
  root mean squared error: 52002.95041982
  relative mean absolute error: 0.99527538
  relative root mean squared error: 1.00026386
Model measurements
  model training instances: 199
  anomaly detections: 0
  change detections: 0
  rules (number): 1

Index
  300
Votes
  0: 48188.16053512
Measurements
  classified instances: 299
  mean absolute error: 30858.92411033
  root mean squared error: 50263.85876018
  relative mean absolute error: 1.00394408
  relative root mean squared error: 0.99911809
Model measurements
  model training instances: 299
  anomaly detections: 0
  change detections: 0
  rules (number): 2

Index
  400
Votes
  0: -11810.92620507
Measurements
  classified instances: 399
  mean absolute error: 32648.07494974
  root mean squared error: 54308.78245326
  relative mean absolute error: 1.00437411
  relative root mean squared error: 1.01284945
Model measurements
  model training instances: 399
  anomaly detections: 0
  change detections: 0
  rules (number): 2

Index
  500
Votes
  0: 50249.53849646
Measurements
  classified instances: 499
  mean absolute error: 30884.70694883
  root mean squared error: 51298.72772611
  relative mean absolute error: 0.96929063
  relative root mean squared error: 0.99935141
Model measurements
  model training instances: 499
  anomaly detections: 0
  change detections: 0
  rules (number): 2

Index
  600
Votes
  0: 38419.79879044
Measurements
  classified instances: 599
  mean absolute error: 29821.14394803
  root mean squared error: 51395.57737992
  relative mean absolute error: 0.93936739
  relative root mean squared error: 0.98027984
Model measurements
  model training instances: 599
  anomaly detections: 0
  change detections: 0
  rules (number): 2

Index
  700
Votes
  0: 27487.30160249
Measurements
  classified instances: 699
  mean absolute error: 28561.74706087
  root mean squared error: 48813.22916806
  relative mean absolute error: 0.90819178
  relative root mean squared error: 0.96086133
Model measurements
  model training instances: 699
  anomaly detections: 0
  change detections: 0
  rules (number): 2

Index
  800
Votes
  0: 57064.79994401
Measurements
  classified instances: 799
  mean absolute error: 28722.56768341
  root mean squared error: 49516.72170106
  relative mean absolute error: 0.91137291
  relative root mean squared error: 0.98391569
Model measurements
  model training instances: 799
  anomaly detections: 0
  change detections: 0
  rules (number): 2

Index
  900
Votes
  0: -540.39501107
Measurements
  classified instances: 899
  mean absolute error: 27926.92438006
  root mean squared error: 47673.79860516
  relative mean absolute error: 0.90150143
  relative root mean squared error: 0.97669636
Model measurements
  model training instances: 899
  anomaly detections: 0
  change detections: 0
  rules (number): 2

Index
  1000
Votes
  0: 22492.5630519
Measurements
  classified instances: 999
  mean absolute error: 27343.66474793
  root mean squared error: 46294.88027084
  relative mean absolute error: 0.88032972
  relative root mean squared error: 0.95352025
Model measurements
  model training instances: 999
  anomaly detections: 0
  change detections: 0
  rules (number): 2



