--> regression-out0.arff
moa.classifiers.rules.AMRules

Index
  100
Votes
  0: 55388.9
Measurements
  classified instances: 99
  mean absolute error: 34741.07876919
  root mean squared error: 65301.3716812
  relative mean absolute error: 0.99868375
  relative root mean squared error: 1.00453117
Model measurements
  model training instances: 99
  rules (number): 1

Index
  200
Votes
  0: 1701314.2
Measurements
  classified instances: 199
  mean absolute error: 40030.28971323
  root mean squared error: 130348.24556858
  relative mean absolute error: 1.25438849
  relative root mean squared error: 2.50721619
Model measurements
  model training instances: 199
  rules (number): 2

Index
  300
Votes
  0: 134251.66666667
Measurements
  classified instances: 299
  mean absolute error: 107062.91032618
  root mean squared error: 225515.51427479
  relative mean absolute error: 3.48311478
  relative root mean squared error: 4.48267673
Model measurements
  model training instances: 299
  rules (number): 2

Index
  400
Votes
  0: -16437.90628269
Measurements
  classified instances: 399
  mean absolute error: 89883.98469546
  root mean squared error: 197320.97500887
  relative mean absolute error: 2.76515989
  relative root mean squared error: 3.68000224
Model measurements
  model training instances: 399
  rules (number): 2

Index
  500
Votes
  0: 48817.9959035
Measurements
  classified instances: 499
  mean absolute error: 76541.8859186
  root mean squared error: 177159.43954731
  relative mean absolute error: 2.4022029
  relative root mean squared error: 3.45124612
Model measurements
  model training instances: 499
  rules (number): 2

Index
  600
Votes
  0: 43630.52991213
Measurements
  classified instances: 599
  mean absolute error: 68963.83279016
  root mean squared error: 163354.19154286
  relative mean absolute error: 2.17236386
  relative root mean squared error: 3.11569263
Model measurements
  model training instances: 599
  rules (number): 2

Index
  700
Votes
  0: 75514.81481481
Measurements
  classified instances: 699
  mean absolute error: 137305.98799456
  root mean squared error: 357453.60389572
  relative mean absolute error: 4.36598537
  relative root mean squared error: 7.03627583
Model measurements
  model training instances: 699
  rules (number): 2

Index
  800
Votes
  0: 39610.77934594
Measurements
  classified instances: 799
  mean absolute error: 128869.53631752
  root mean squared error: 336488.77129271
  relative mean absolute error: 4.08905659
  relative root mean squared error: 6.68615712
Model measurements
  model training instances: 799
  rules (number): 2

Index
  900
Votes
  0: 51768.37837838
Measurements
  classified instances: 899
  mean absolute error: 117860.27301224
  root mean squared error: 317453.18414167
  relative mean absolute error: 3.80461533
  relative root mean squared error: 6.50368503
Model measurements
  model training instances: 899
  rules (number): 2

Index
  1000
Votes
  0: 0
Measurements
  classified instances: 999
  mean absolute error: 120621.20795995
  root mean squared error: 323714.97467393
  relative mean absolute error: 3.88340169
  relative root mean squared error: 6.66744965
Model measurements
  model training instances: 999
  rules (number): 3



